// Vitest Snapshot v1, https://vitest.dev/guide/snapshot.html

exports[`Mux4Way Chip > Provides interface info 1`] = `
Map {
  "a" => {
    "connections": [],
    "state": [
      false,
    ],
    "type": "input",
    "width": 1,
  },
  "b" => {
    "connections": [],
    "state": [
      false,
    ],
    "type": "input",
    "width": 1,
  },
  "c" => {
    "connections": [],
    "state": [
      false,
    ],
    "type": "input",
    "width": 1,
  },
  "d" => {
    "connections": [],
    "state": [
      false,
    ],
    "type": "input",
    "width": 1,
  },
  "sel" => {
    "connections": [],
    "state": [
      false,
      false,
    ],
    "type": "input",
    "width": 2,
  },
  "out" => {
    "connections": [],
    "state": [
      false,
    ],
    "type": "output",
    "width": 1,
  },
}
`;
